Flow report for fifo_demo
Tue Aug  4 08:03:58 2026
Quartus Prime Version 21.1.0 Build 842 10/21/2021 SJ Lite Edition


---------------------
; Table of Contents ;
---------------------
  1. Legal Notice
  2. Flow Summary
  3. Flow Settings
  4. Flow Non-Default Global Settings
  5. Flow Elapsed Time
  6. Flow OS Summary
  7. Flow Log
  8. Flow Messages
  9. Flow Suppressed Messages



----------------
; Legal Notice ;
----------------
Copyright (C) 2021  Intel Corporation. All rights reserved.
Your use of Intel Corporation's design tools, logic functions 
and other software and tools, and any partner logic 
functions, and any output files from any of the foregoing 
(including device programming or simulation files), and any 
associated documentation or information are expressly subject 
to the terms and conditions of the Intel Program License 
Subscription Agreement, the Intel Quartus Prime License Agreement,
the Intel FPGA IP License Agreement, or other applicable license
agreement, including, without limitation, that your use is for
the sole purpose of programming logic devices manufactured by
Intel and sold by Intel or its authorized distributors.  Please
refer to the applicable agreement for further details, at
https://fpgasoftware.intel.com/eula.



+----------------------------------------------------------------------------------+
; Flow Summary                                                                     ;
+------------------------------------+---------------------------------------------+
; Flow Status                        ; Successful - Tue Aug  4 08:03:56 2026       ;
; Quartus Prime Version              ; 21.1.0 Build 842 10/21/2021 SJ Lite Edition ;
; Revision Name                      ; fifo_demo                                   ;
; Top-level Entity Name              ; fifo_demo_top                               ;
; Family                             ; Cyclone IV E                                ;
; Device                             ; EP4CE115F29C7                               ;
; Timing Models                      ; Final                                       ;
; Total logic elements               ; 190 / 114,480 ( < 1 % )                     ;
;     Total combinational functions  ; 167 / 114,480 ( < 1 % )                     ;
;     Dedicated logic registers      ; 151 / 114,480 ( < 1 % )                     ;
; Total registers                    ; 151                                         ;
; Total pins                         ; 22 / 529 ( 4 % )                            ;
; Total virtual pins                 ; 0                                           ;
; Total memory bits                  ; 0 / 3,981,312 ( 0 % )                       ;
; Embedded Multiplier 9-bit elements ; 0 / 532 ( 0 % )                             ;
; Total PLLs                         ; 0 / 4 ( 0 % )                               ;
+------------------------------------+---------------------------------------------+


+-----------------------------------------+
; Flow Settings                           ;
+-------------------+---------------------+
; Option            ; Setting             ;
+-------------------+---------------------+
; Start date & time ; 08/04/2026 08:03:39 ;
; Main task         ; Compilation         ;
; Revision Name     ; fifo_demo           ;
+-------------------+---------------------+


+-------------------------------------------------------------------------------------------------------+
; Flow Non-Default Global Settings                                                                      ;
+--------------------------+---------------------------------+---------------+-------------+------------+
; Assignment Name          ; Value                           ; Default Value ; Entity Name ; Section Id ;
+--------------------------+---------------------------------+---------------+-------------+------------+
; COMPILER_SIGNATURE_ID    ; 158954123523440.178581081927105 ; --            ; --          ; --         ;
; MAX_CORE_JUNCTION_TEMP   ; 85                              ; --            ; --          ; --         ;
; MIN_CORE_JUNCTION_TEMP   ; 0                               ; --            ; --          ; --         ;
; PROJECT_OUTPUT_DIRECTORY ; output_files                    ; --            ; --          ; --         ;
; TOP_LEVEL_ENTITY         ; fifo_demo_top                   ; fifo_demo     ; --          ; --         ;
+--------------------------+---------------------------------+---------------+-------------+------------+


+--------------------------------------------------------------------------------------------------------------------------+
; Flow Elapsed Time                                                                                                        ;
+----------------------+--------------+-------------------------+---------------------+------------------------------------+
; Module Name          ; Elapsed Time ; Average Processors Used ; Peak Virtual Memory ; Total CPU Time (on all processors) ;
+----------------------+--------------+-------------------------+---------------------+------------------------------------+
; Analysis & Synthesis ; 00:00:05     ; 1.0                     ; 436 MB              ; 00:00:12                           ;
; Fitter               ; 00:00:08     ; 1.0                     ; 1347 MB             ; 00:00:14                           ;
; Assembler            ; 00:00:02     ; 1.0                     ; 372 MB              ; 00:00:02                           ;
; Timing Analyzer      ; 00:00:01     ; 1.0                     ; 586 MB              ; 00:00:01                           ;
; Total                ; 00:00:16     ; --                      ; --                  ; 00:00:29                           ;
+----------------------+--------------+-------------------------+---------------------+------------------------------------+


+-----------------------------------------------------------------------------------------------------------------+
; Flow OS Summary                                                                                                 ;
+----------------------+-------------------------------------------+----------------+------------+----------------+
; Module Name          ; Machine Hostname                          ; OS Name        ; OS Version ; Processor type ;
+----------------------+-------------------------------------------+----------------+------------+----------------+
; Analysis & Synthesis ; ahesh-ASUS-TUF-Gaming-F15-FX506HF-FX506HF ; Ubuntu 24.04.4 ; 24         ; x86_64         ;
; Fitter               ; ahesh-ASUS-TUF-Gaming-F15-FX506HF-FX506HF ; Ubuntu 24.04.4 ; 24         ; x86_64         ;
; Assembler            ; ahesh-ASUS-TUF-Gaming-F15-FX506HF-FX506HF ; Ubuntu 24.04.4 ; 24         ; x86_64         ;
; Timing Analyzer      ; ahesh-ASUS-TUF-Gaming-F15-FX506HF-FX506HF ; Ubuntu 24.04.4 ; 24         ; x86_64         ;
+----------------------+-------------------------------------------+----------------+------------+----------------+


------------
; Flow Log ;
------------
quartus_map --read_settings_files=on --write_settings_files=off fifo_demo -c fifo_demo
quartus_fit --read_settings_files=off --write_settings_files=off fifo_demo -c fifo_demo
quartus_asm --read_settings_files=off --write_settings_files=off fifo_demo -c fifo_demo
quartus_sta fifo_demo -c fifo_demo



